-- Selecting Windows SDK version 10.0.19041.0 to target Windows 10.0.19045.
-- The CXX compiler identification is MSVC 19.42.34436.0
-- Detecting CXX compiler ABI info
-- Detecting CXX compiler ABI info - done
-- Check for working CXX compiler: C:/Program Files/Microsoft Visual Studio/2022/Community/VC/Tools/MSVC/14.42.34433/bin/Hostx64/x64/cl.exe - skipped
-- Detecting CXX compile features
-- Detecting CXX compile features - done
-- Eigen3 not found; fetching Eigen 3.4.0
-- The C compiler identification is MSVC 19.42.34436.0
-- Detecting C compiler ABI info
-- Detecting C compiler ABI info - done
-- Check for working C compiler: C:/Program Files/Microsoft Visual Studio/2022/Community/VC/Tools/MSVC/14.42.34433/bin/Hostx64/x64/cl.exe - skipped
-- Detecting C compile features
-- Detecting C compile features - done
-- Performing Test EIGEN_COMPILER_SUPPORT_CPP11
-- Performing Test EIGEN_COMPILER_SUPPORT_CPP11 - Failed
-- Performing Test COMPILER_SUPPORT_std=cpp03
-- Performing Test COMPILER_SUPPORT_std=cpp03 - Failed
-- Performing Test standard_math_library_linked_to_automatically
-- Performing Test standard_math_library_linked_to_automatically - Success
-- Standard libraries to link to explicitly: none
-- Performing Test COMPILER_SUPPORT_OPENMP
-- Performing Test COMPILER_SUPPORT_OPENMP - Success
-- Found unsuitable Qt version "" from NOTFOUND
skip snippet F:/GithubProjects/URDF_BIO_IK/libpick-ik-core/build/_deps/eigen-src/doc/snippets/Array_initializer_list_23_cxx11.cpp because compiler does not support C++11
skip snippet F:/GithubProjects/URDF_BIO_IK/libpick-ik-core/build/_deps/eigen-src/doc/snippets/Array_initializer_list_vector_cxx11.cpp because compiler does not support C++11
skip snippet F:/GithubProjects/URDF_BIO_IK/libpick-ik-core/build/_deps/eigen-src/doc/snippets/Array_variadic_ctor_cxx11.cpp because compiler does not support C++11
skip snippet F:/GithubProjects/URDF_BIO_IK/libpick-ik-core/build/_deps/eigen-src/doc/snippets/MatrixBase_colwise_iterator_cxx11.cpp because compiler does not support C++11
skip snippet F:/GithubProjects/URDF_BIO_IK/libpick-ik-core/build/_deps/eigen-src/doc/snippets/Matrix_initializer_list_23_cxx11.cpp because compiler does not support C++11
skip snippet F:/GithubProjects/URDF_BIO_IK/libpick-ik-core/build/_deps/eigen-src/doc/snippets/Matrix_initializer_list_vector_cxx11.cpp because compiler does not support C++11
skip snippet F:/GithubProjects/URDF_BIO_IK/libpick-ik-core/build/_deps/eigen-src/doc/snippets/Matrix_variadic_ctor_cxx11.cpp because compiler does not support C++11
skip snippet F:/GithubProjects/URDF_BIO_IK/libpick-ik-core/build/_deps/eigen-src/doc/snippets/Slicing_custom_padding_cxx11.cpp because compiler does not support C++11
skip snippet F:/GithubProjects/URDF_BIO_IK/libpick-ik-core/build/_deps/eigen-src/doc/snippets/Slicing_rawarray_cxx11.cpp because compiler does not support C++11
skip snippet F:/GithubProjects/URDF_BIO_IK/libpick-ik-core/build/_deps/eigen-src/doc/snippets/Slicing_stdvector_cxx11.cpp because compiler does not support C++11
skip snippet F:/GithubProjects/URDF_BIO_IK/libpick-ik-core/build/_deps/eigen-src/doc/snippets/Tutorial_range_for_loop_1d_cxx11.cpp because compiler does not support C++11
skip snippet F:/GithubProjects/URDF_BIO_IK/libpick-ik-core/build/_deps/eigen-src/doc/snippets/Tutorial_range_for_loop_2d_cxx11.cpp because compiler does not support C++11
skip snippet F:/GithubProjects/URDF_BIO_IK/libpick-ik-core/build/_deps/eigen-src/doc/snippets/Tutorial_std_sort_rows_cxx11.cpp because compiler does not support C++11
-- Looking for a Fortran compiler
-- Looking for a Fortran compiler - NOTFOUND
-- Found unsuitable Qt version "" from NOTFOUND
-- Qt4 not found, so disabling the mandelbrot and opengl demos
-- 
-- Configured Eigen 3.4.0
-- 
-- Available targets (use: cmake --build . --target TARGET):
-- ---------+--------------------------------------------------------------
-- Target   |   Description
-- ---------+--------------------------------------------------------------
-- install  | Install Eigen. Headers will be installed to:
--          |     <CMAKE_INSTALL_PREFIX>/<INCLUDE_INSTALL_DIR>
--          |   Using the following values:
--          |     CMAKE_INSTALL_PREFIX: C:/Program Files (x86)/pick_ik_core
--          |     INCLUDE_INSTALL_DIR:  include/eigen3
--          |   Change the install location of Eigen headers using:
--          |     cmake . -DCMAKE_INSTALL_PREFIX=yourprefix
--          |   Or:
--          |     cmake . -DINCLUDE_INSTALL_DIR=yourdir
-- doc      | Generate the API documentation, requires Doxygen & LaTeX
-- blas     | Build BLAS library (not the same thing as Eigen)
-- uninstall| Remove files installed by the install target
-- ---------+--------------------------------------------------------------
-- 
-- fmt not found; fetching fmt 10.2.1
-- Version: 10.2.1
-- Build type: Release
-- Catch2 not found; fetching Catch2 v3.7.1
-- Configuring done (64.3s)
-- Generating done (2.5s)
-- Build files have been written to: F:/GithubProjects/URDF_BIO_IK/libpick-ik-core/build
